Starting a Gradle Daemon, 1 busy and 3 incompatible and 7 stopped Daemons could not be reused, use --status for details
> Task :gradle:checkKotlinGradlePluginConfigurationErrors SKIPPED
> Task :gradle:compileKotlin UP-TO-DATE
> Task :gradle:compileJava NO-SOURCE
> Task :gradle:compileGroovy NO-SOURCE
> Task :gradle:pluginDescriptors UP-TO-DATE
> Task :gradle:processResources UP-TO-DATE
> Task :gradle:classes UP-TO-DATE
> Task :gradle:jar UP-TO-DATE
> Task :app:ReleaseMinSdkCheck
> Task :app:compileFlutterBuildRelease
> Task :app:packJniLibsflutterBuildRelease UP-TO-DATE
> Task :app:preBuild UP-TO-DATE
> Task :app:preReleaseBuild UP-TO-DATE

> Task :app:configureCMakeRelease[arm64-v8a]
[CXX5304] This version only understands SDK XML versions up to 3 but an SDK XML file of version 4 was encountered. This can happen if you use versions of Android Studio and the command-line tools that were released at different times.
[CXX5304] This version only understands SDK XML versions up to 3 but an SDK XML file of version 4 was encountered. This can happen if you use versions of Android Studio and the command-line tools that were released at different times.
[CXX5304] package.xml parsing problem. élément inattendu (URI : "", local : "canary-number"). Les éléments attendus sont <{}codename>,<{}layoutlib>,<{}base-extension>,<{}api-level>,<{}extension-level>
[CXX5304] package.xml parsing problem. élément inattendu (URI : "", local : "canary-number"). Les éléments attendus sont <{}codename>,<{}layoutlib>,<{}base-extension>,<{}api-level>,<{}extension-level>

> Task :app:buildCMakeRelease[arm64-v8a]
> Task :app:configureCMakeRelease[armeabi-v7a]
> Task :app:buildCMakeRelease[armeabi-v7a]
> Task :app:configureCMakeRelease[x86_64]
> Task :app:buildCMakeRelease[x86_64]
> Task :app:mergeReleaseJniLibFolders UP-TO-DATE
> Task :flutter_plugin_android_lifecycle:preBuild UP-TO-DATE
> Task :flutter_plugin_android_lifecycle:preReleaseBuild UP-TO-DATE
> Task :flutter_plugin_android_lifecycle:mergeReleaseJniLibFolders UP-TO-DATE
> Task :flutter_plugin_android_lifecycle:mergeReleaseNativeLibs NO-SOURCE
> Task :flutter_plugin_android_lifecycle:copyReleaseJniLibsProjectOnly UP-TO-DATE
> Task :flutter_secure_storage:preBuild UP-TO-DATE
> Task :flutter_secure_storage:preReleaseBuild UP-TO-DATE
> Task :flutter_secure_storage:mergeReleaseJniLibFolders UP-TO-DATE
> Task :flutter_secure_storage:mergeReleaseNativeLibs NO-SOURCE
> Task :flutter_secure_storage:copyReleaseJniLibsProjectOnly UP-TO-DATE
> Task :geocoding_android:preBuild UP-TO-DATE
> Task :geocoding_android:preReleaseBuild UP-TO-DATE
> Task :geocoding_android:mergeReleaseJniLibFolders UP-TO-DATE
> Task :geocoding_android:mergeReleaseNativeLibs NO-SOURCE
> Task :geocoding_android:copyReleaseJniLibsProjectOnly UP-TO-DATE
> Task :geolocator_android:preBuild UP-TO-DATE
> Task :geolocator_android:preReleaseBuild UP-TO-DATE
> Task :geolocator_android:mergeReleaseJniLibFolders UP-TO-DATE
> Task :geolocator_android:mergeReleaseNativeLibs NO-SOURCE
> Task :geolocator_android:copyReleaseJniLibsProjectOnly UP-TO-DATE
> Task :image_picker_android:preBuild UP-TO-DATE
> Task :image_picker_android:preReleaseBuild UP-TO-DATE
> Task :image_picker_android:mergeReleaseJniLibFolders UP-TO-DATE
> Task :image_picker_android:mergeReleaseNativeLibs NO-SOURCE
> Task :image_picker_android:copyReleaseJniLibsProjectOnly UP-TO-DATE
> Task :mobile_scanner:preBuild UP-TO-DATE
> Task :mobile_scanner:preReleaseBuild UP-TO-DATE
> Task :mobile_scanner:mergeReleaseJniLibFolders UP-TO-DATE
> Task :mobile_scanner:mergeReleaseNativeLibs NO-SOURCE
> Task :mobile_scanner:copyReleaseJniLibsProjectOnly UP-TO-DATE
> Task :onesignal_flutter:preBuild UP-TO-DATE
> Task :onesignal_flutter:preReleaseBuild UP-TO-DATE
> Task :onesignal_flutter:mergeReleaseJniLibFolders UP-TO-DATE
> Task :onesignal_flutter:mergeReleaseNativeLibs NO-SOURCE
> Task :onesignal_flutter:copyReleaseJniLibsProjectOnly UP-TO-DATE
> Task :path_provider_android:preBuild UP-TO-DATE
> Task :path_provider_android:preReleaseBuild UP-TO-DATE
> Task :path_provider_android:mergeReleaseJniLibFolders UP-TO-DATE
> Task :path_provider_android:mergeReleaseNativeLibs NO-SOURCE
> Task :path_provider_android:copyReleaseJniLibsProjectOnly UP-TO-DATE
> Task :permission_handler_android:preBuild UP-TO-DATE
> Task :permission_handler_android:preReleaseBuild UP-TO-DATE
> Task :permission_handler_android:mergeReleaseJniLibFolders UP-TO-DATE
> Task :permission_handler_android:mergeReleaseNativeLibs NO-SOURCE
> Task :permission_handler_android:copyReleaseJniLibsProjectOnly UP-TO-DATE
> Task :shared_preferences_android:preBuild UP-TO-DATE
> Task :shared_preferences_android:preReleaseBuild UP-TO-DATE
> Task :shared_preferences_android:mergeReleaseJniLibFolders UP-TO-DATE
> Task :shared_preferences_android:mergeReleaseNativeLibs NO-SOURCE
> Task :shared_preferences_android:copyReleaseJniLibsProjectOnly UP-TO-DATE
> Task :sqflite_android:preBuild UP-TO-DATE
> Task :sqflite_android:preReleaseBuild UP-TO-DATE
> Task :sqflite_android:mergeReleaseJniLibFolders UP-TO-DATE
> Task :sqflite_android:mergeReleaseNativeLibs NO-SOURCE
> Task :sqflite_android:copyReleaseJniLibsProjectOnly UP-TO-DATE
> Task :url_launcher_android:preBuild UP-TO-DATE
> Task :url_launcher_android:preReleaseBuild UP-TO-DATE
> Task :url_launcher_android:mergeReleaseJniLibFolders UP-TO-DATE
> Task :url_launcher_android:mergeReleaseNativeLibs NO-SOURCE
> Task :url_launcher_android:copyReleaseJniLibsProjectOnly UP-TO-DATE
> Task :webview_flutter_android:preBuild UP-TO-DATE
> Task :webview_flutter_android:preReleaseBuild UP-TO-DATE
> Task :webview_flutter_android:mergeReleaseJniLibFolders UP-TO-DATE
> Task :webview_flutter_android:mergeReleaseNativeLibs NO-SOURCE
> Task :webview_flutter_android:copyReleaseJniLibsProjectOnly UP-TO-DATE
> Task :yandex_maps_mapkit:preBuild UP-TO-DATE
> Task :yandex_maps_mapkit:preReleaseBuild UP-TO-DATE
> Task :yandex_maps_mapkit:mergeReleaseJniLibFolders UP-TO-DATE
> Task :yandex_maps_mapkit:mergeReleaseNativeLibs NO-SOURCE
> Task :yandex_maps_mapkit:copyReleaseJniLibsProjectOnly UP-TO-DATE
> Task :app:mergeReleaseNativeLibs UP-TO-DATE
> Task :app:stripReleaseDebugSymbols UP-TO-DATE
> Task :app:extractReleaseNativeSymbolTables UP-TO-DATE
> Task :app:mergeReleaseNativeDebugMetadata UP-TO-DATE
> Task :flutter_plugin_android_lifecycle:generateReleaseResValues UP-TO-DATE
> Task :flutter_plugin_android_lifecycle:generateReleaseResources UP-TO-DATE
> Task :flutter_plugin_android_lifecycle:packageReleaseResources UP-TO-DATE
> Task :flutter_plugin_android_lifecycle:parseReleaseLocalResources UP-TO-DATE
> Task :flutter_plugin_android_lifecycle:generateReleaseRFile UP-TO-DATE
> Task :flutter_plugin_android_lifecycle:javaPreCompileRelease UP-TO-DATE
> Task :flutter_plugin_android_lifecycle:compileReleaseJavaWithJavac
> Task :flutter_plugin_android_lifecycle:bundleLibCompileToJarRelease UP-TO-DATE
> Task :image_picker_android:generateReleaseResValues UP-TO-DATE
> Task :image_picker_android:generateReleaseResources UP-TO-DATE
> Task :image_picker_android:packageReleaseResources UP-TO-DATE
> Task :image_picker_android:parseReleaseLocalResources UP-TO-DATE
> Task :image_picker_android:generateReleaseRFile UP-TO-DATE
> Task :image_picker_android:javaPreCompileRelease UP-TO-DATE
> Task :image_picker_android:compileReleaseJavaWithJavac
> Task :image_picker_android:mergeReleaseGeneratedProguardFiles UP-TO-DATE
> Task :image_picker_android:exportReleaseConsumerProguardFiles UP-TO-DATE
> Task :yandex_maps_mapkit:checkKotlinGradlePluginConfigurationErrors SKIPPED
> Task :yandex_maps_mapkit:generateReleaseResValues UP-TO-DATE
> Task :yandex_maps_mapkit:generateReleaseResources UP-TO-DATE
> Task :yandex_maps_mapkit:packageReleaseResources UP-TO-DATE
> Task :yandex_maps_mapkit:parseReleaseLocalResources UP-TO-DATE
> Task :yandex_maps_mapkit:generateReleaseRFile UP-TO-DATE
> Task :yandex_maps_mapkit:compileReleaseKotlin UP-TO-DATE
> Task :yandex_maps_mapkit:javaPreCompileRelease UP-TO-DATE
> Task :yandex_maps_mapkit:compileReleaseJavaWithJavac NO-SOURCE
> Task :yandex_maps_mapkit:mergeReleaseGeneratedProguardFiles UP-TO-DATE
> Task :yandex_maps_mapkit:exportReleaseConsumerProguardFiles UP-TO-DATE
> Task :flutter_plugin_android_lifecycle:mergeReleaseGeneratedProguardFiles UP-TO-DATE
> Task :flutter_plugin_android_lifecycle:exportReleaseConsumerProguardFiles UP-TO-DATE
> Task :flutter_secure_storage:generateReleaseBuildConfig UP-TO-DATE
> Task :flutter_secure_storage:generateReleaseResValues UP-TO-DATE
> Task :flutter_secure_storage:generateReleaseResources UP-TO-DATE
> Task :flutter_secure_storage:packageReleaseResources UP-TO-DATE
> Task :flutter_secure_storage:parseReleaseLocalResources UP-TO-DATE
> Task :flutter_secure_storage:generateReleaseRFile UP-TO-DATE
> Task :flutter_secure_storage:javaPreCompileRelease UP-TO-DATE
> Task :flutter_secure_storage:compileReleaseJavaWithJavac UP-TO-DATE
> Task :flutter_secure_storage:mergeReleaseGeneratedProguardFiles UP-TO-DATE
> Task :flutter_secure_storage:exportReleaseConsumerProguardFiles UP-TO-DATE
> Task :geocoding_android:generateReleaseResValues UP-TO-DATE
> Task :geocoding_android:generateReleaseResources UP-TO-DATE
> Task :geocoding_android:packageReleaseResources UP-TO-DATE
> Task :geocoding_android:parseReleaseLocalResources UP-TO-DATE
> Task :geocoding_android:generateReleaseRFile UP-TO-DATE
> Task :geocoding_android:javaPreCompileRelease UP-TO-DATE
> Task :geocoding_android:compileReleaseJavaWithJavac UP-TO-DATE
> Task :geocoding_android:mergeReleaseGeneratedProguardFiles UP-TO-DATE
> Task :geocoding_android:exportReleaseConsumerProguardFiles UP-TO-DATE
> Task :geolocator_android:generateReleaseResValues UP-TO-DATE
> Task :geolocator_android:generateReleaseResources UP-TO-DATE
> Task :geolocator_android:packageReleaseResources UP-TO-DATE
> Task :geolocator_android:parseReleaseLocalResources UP-TO-DATE
> Task :geolocator_android:generateReleaseRFile UP-TO-DATE
> Task :geolocator_android:javaPreCompileRelease UP-TO-DATE
> Task :geolocator_android:compileReleaseJavaWithJavac UP-TO-DATE
> Task :geolocator_android:mergeReleaseGeneratedProguardFiles UP-TO-DATE
> Task :geolocator_android:exportReleaseConsumerProguardFiles UP-TO-DATE
> Task :mobile_scanner:checkKotlinGradlePluginConfigurationErrors SKIPPED
> Task :mobile_scanner:generateReleaseResValues UP-TO-DATE
> Task :mobile_scanner:generateReleaseResources UP-TO-DATE
> Task :mobile_scanner:packageReleaseResources UP-TO-DATE
> Task :mobile_scanner:parseReleaseLocalResources UP-TO-DATE
> Task :mobile_scanner:generateReleaseRFile UP-TO-DATE
> Task :mobile_scanner:compileReleaseKotlin UP-TO-DATE
> Task :mobile_scanner:javaPreCompileRelease UP-TO-DATE
> Task :mobile_scanner:compileReleaseJavaWithJavac NO-SOURCE
> Task :mobile_scanner:mergeReleaseGeneratedProguardFiles UP-TO-DATE
> Task :mobile_scanner:exportReleaseConsumerProguardFiles UP-TO-DATE
> Task :onesignal_flutter:generateReleaseResValues UP-TO-DATE
> Task :onesignal_flutter:generateReleaseResources UP-TO-DATE
> Task :onesignal_flutter:packageReleaseResources UP-TO-DATE
> Task :onesignal_flutter:parseReleaseLocalResources UP-TO-DATE
> Task :onesignal_flutter:generateReleaseRFile UP-TO-DATE
> Task :onesignal_flutter:javaPreCompileRelease UP-TO-DATE
> Task :onesignal_flutter:compileReleaseJavaWithJavac UP-TO-DATE
> Task :onesignal_flutter:mergeReleaseGeneratedProguardFiles UP-TO-DATE
> Task :onesignal_flutter:exportReleaseConsumerProguardFiles UP-TO-DATE
> Task :path_provider_android:generateReleaseResValues UP-TO-DATE
> Task :path_provider_android:generateReleaseResources UP-TO-DATE
> Task :path_provider_android:packageReleaseResources UP-TO-DATE
> Task :path_provider_android:parseReleaseLocalResources UP-TO-DATE
> Task :path_provider_android:generateReleaseRFile UP-TO-DATE
> Task :path_provider_android:javaPreCompileRelease UP-TO-DATE
> Task :path_provider_android:compileReleaseJavaWithJavac
> Task :path_provider_android:mergeReleaseGeneratedProguardFiles UP-TO-DATE
> Task :path_provider_android:exportReleaseConsumerProguardFiles UP-TO-DATE
> Task :permission_handler_android:generateReleaseResValues UP-TO-DATE
> Task :permission_handler_android:generateReleaseResources UP-TO-DATE
> Task :permission_handler_android:packageReleaseResources UP-TO-DATE
> Task :permission_handler_android:parseReleaseLocalResources UP-TO-DATE
> Task :permission_handler_android:generateReleaseRFile UP-TO-DATE
> Task :permission_handler_android:javaPreCompileRelease UP-TO-DATE
> Task :permission_handler_android:compileReleaseJavaWithJavac UP-TO-DATE
> Task :permission_handler_android:mergeReleaseGeneratedProguardFiles UP-TO-DATE
> Task :permission_handler_android:exportReleaseConsumerProguardFiles UP-TO-DATE
> Task :shared_preferences_android:checkKotlinGradlePluginConfigurationErrors SKIPPED
> Task :shared_preferences_android:generateReleaseResValues UP-TO-DATE
> Task :shared_preferences_android:generateReleaseResources UP-TO-DATE
> Task :shared_preferences_android:packageReleaseResources UP-TO-DATE
> Task :shared_preferences_android:parseReleaseLocalResources UP-TO-DATE
> Task :shared_preferences_android:generateReleaseRFile UP-TO-DATE
> Task :shared_preferences_android:compileReleaseKotlin UP-TO-DATE
> Task :shared_preferences_android:javaPreCompileRelease UP-TO-DATE
> Task :shared_preferences_android:compileReleaseJavaWithJavac
> Task :shared_preferences_android:mergeReleaseGeneratedProguardFiles UP-TO-DATE
> Task :shared_preferences_android:exportReleaseConsumerProguardFiles UP-TO-DATE
> Task :sqflite_android:generateReleaseResValues UP-TO-DATE
> Task :sqflite_android:generateReleaseResources UP-TO-DATE
> Task :sqflite_android:packageReleaseResources UP-TO-DATE
> Task :sqflite_android:parseReleaseLocalResources UP-TO-DATE
> Task :sqflite_android:generateReleaseRFile UP-TO-DATE
> Task :sqflite_android:javaPreCompileRelease UP-TO-DATE
> Task :sqflite_android:compileReleaseJavaWithJavac
> Task :sqflite_android:mergeReleaseGeneratedProguardFiles UP-TO-DATE
> Task :sqflite_android:exportReleaseConsumerProguardFiles UP-TO-DATE
> Task :url_launcher_android:generateReleaseBuildConfig UP-TO-DATE
> Task :url_launcher_android:generateReleaseResValues UP-TO-DATE
> Task :url_launcher_android:generateReleaseResources UP-TO-DATE
> Task :url_launcher_android:packageReleaseResources UP-TO-DATE
> Task :url_launcher_android:parseReleaseLocalResources UP-TO-DATE
> Task :url_launcher_android:generateReleaseRFile UP-TO-DATE
> Task :url_launcher_android:javaPreCompileRelease UP-TO-DATE
> Task :url_launcher_android:compileReleaseJavaWithJavac
> Task :url_launcher_android:mergeReleaseGeneratedProguardFiles UP-TO-DATE
> Task :url_launcher_android:exportReleaseConsumerProguardFiles UP-TO-DATE
> Task :webview_flutter_android:checkKotlinGradlePluginConfigurationErrors SKIPPED
> Task :webview_flutter_android:generateReleaseResValues UP-TO-DATE
> Task :webview_flutter_android:generateReleaseResources UP-TO-DATE
> Task :webview_flutter_android:packageReleaseResources UP-TO-DATE
> Task :webview_flutter_android:parseReleaseLocalResources UP-TO-DATE
> Task :webview_flutter_android:generateReleaseRFile UP-TO-DATE
> Task :webview_flutter_android:compileReleaseKotlin UP-TO-DATE
> Task :webview_flutter_android:javaPreCompileRelease UP-TO-DATE
> Task :webview_flutter_android:compileReleaseJavaWithJavac
> Task :webview_flutter_android:mergeReleaseGeneratedProguardFiles UP-TO-DATE
> Task :webview_flutter_android:exportReleaseConsumerProguardFiles UP-TO-DATE
> Task :app:buildKotlinToolingMetadata UP-TO-DATE
> Task :app:checkReleaseDuplicateClasses UP-TO-DATE
> Task :app:checkKotlinGradlePluginConfigurationErrors SKIPPED
> Task :flutter_plugin_android_lifecycle:writeReleaseAarMetadata UP-TO-DATE
> Task :flutter_secure_storage:writeReleaseAarMetadata UP-TO-DATE
> Task :geocoding_android:writeReleaseAarMetadata UP-TO-DATE
> Task :geolocator_android:writeReleaseAarMetadata UP-TO-DATE
> Task :image_picker_android:writeReleaseAarMetadata UP-TO-DATE
> Task :mobile_scanner:writeReleaseAarMetadata UP-TO-DATE
> Task :onesignal_flutter:writeReleaseAarMetadata UP-TO-DATE
> Task :path_provider_android:writeReleaseAarMetadata UP-TO-DATE
> Task :permission_handler_android:writeReleaseAarMetadata UP-TO-DATE
> Task :shared_preferences_android:writeReleaseAarMetadata UP-TO-DATE
> Task :sqflite_android:writeReleaseAarMetadata UP-TO-DATE
> Task :url_launcher_android:writeReleaseAarMetadata UP-TO-DATE
> Task :webview_flutter_android:writeReleaseAarMetadata UP-TO-DATE
> Task :yandex_maps_mapkit:writeReleaseAarMetadata UP-TO-DATE
> Task :app:checkReleaseAarMetadata UP-TO-DATE
> Task :app:cleanMergeReleaseAssets
> Task :app:mergeReleaseShaders UP-TO-DATE
> Task :app:compileReleaseShaders NO-SOURCE
> Task :app:generateReleaseAssets UP-TO-DATE
> Task :flutter_plugin_android_lifecycle:mergeReleaseShaders UP-TO-DATE
> Task :flutter_plugin_android_lifecycle:compileReleaseShaders NO-SOURCE
> Task :flutter_plugin_android_lifecycle:generateReleaseAssets UP-TO-DATE
> Task :flutter_plugin_android_lifecycle:mergeReleaseAssets UP-TO-DATE
> Task :flutter_secure_storage:mergeReleaseShaders UP-TO-DATE
> Task :flutter_secure_storage:compileReleaseShaders NO-SOURCE
> Task :flutter_secure_storage:generateReleaseAssets UP-TO-DATE
> Task :flutter_secure_storage:mergeReleaseAssets UP-TO-DATE
> Task :geocoding_android:mergeReleaseShaders UP-TO-DATE
> Task :geocoding_android:compileReleaseShaders NO-SOURCE
> Task :geocoding_android:generateReleaseAssets UP-TO-DATE
> Task :geocoding_android:mergeReleaseAssets UP-TO-DATE
> Task :geolocator_android:mergeReleaseShaders UP-TO-DATE
> Task :geolocator_android:compileReleaseShaders NO-SOURCE
> Task :geolocator_android:generateReleaseAssets UP-TO-DATE
> Task :geolocator_android:mergeReleaseAssets UP-TO-DATE
> Task :image_picker_android:mergeReleaseShaders UP-TO-DATE
> Task :image_picker_android:compileReleaseShaders NO-SOURCE
> Task :image_picker_android:generateReleaseAssets UP-TO-DATE
> Task :image_picker_android:mergeReleaseAssets UP-TO-DATE
> Task :mobile_scanner:mergeReleaseShaders UP-TO-DATE
> Task :mobile_scanner:compileReleaseShaders NO-SOURCE
> Task :mobile_scanner:generateReleaseAssets UP-TO-DATE
> Task :mobile_scanner:mergeReleaseAssets UP-TO-DATE
> Task :onesignal_flutter:mergeReleaseShaders UP-TO-DATE
> Task :onesignal_flutter:compileReleaseShaders NO-SOURCE
> Task :onesignal_flutter:generateReleaseAssets UP-TO-DATE
> Task :onesignal_flutter:mergeReleaseAssets UP-TO-DATE
> Task :path_provider_android:mergeReleaseShaders UP-TO-DATE
> Task :path_provider_android:compileReleaseShaders NO-SOURCE
> Task :path_provider_android:generateReleaseAssets UP-TO-DATE
> Task :path_provider_android:mergeReleaseAssets UP-TO-DATE
> Task :permission_handler_android:mergeReleaseShaders UP-TO-DATE
> Task :permission_handler_android:compileReleaseShaders NO-SOURCE
> Task :permission_handler_android:generateReleaseAssets UP-TO-DATE
> Task :permission_handler_android:mergeReleaseAssets UP-TO-DATE
> Task :shared_preferences_android:mergeReleaseShaders UP-TO-DATE
> Task :shared_preferences_android:compileReleaseShaders NO-SOURCE
> Task :shared_preferences_android:generateReleaseAssets UP-TO-DATE
> Task :shared_preferences_android:mergeReleaseAssets UP-TO-DATE
> Task :sqflite_android:mergeReleaseShaders UP-TO-DATE
> Task :sqflite_android:compileReleaseShaders NO-SOURCE
> Task :sqflite_android:generateReleaseAssets UP-TO-DATE
> Task :sqflite_android:mergeReleaseAssets UP-TO-DATE
> Task :url_launcher_android:mergeReleaseShaders UP-TO-DATE
> Task :url_launcher_android:compileReleaseShaders NO-SOURCE
> Task :url_launcher_android:generateReleaseAssets UP-TO-DATE
> Task :url_launcher_android:mergeReleaseAssets UP-TO-DATE
> Task :webview_flutter_android:mergeReleaseShaders UP-TO-DATE
> Task :webview_flutter_android:compileReleaseShaders NO-SOURCE
> Task :webview_flutter_android:generateReleaseAssets UP-TO-DATE
> Task :webview_flutter_android:mergeReleaseAssets UP-TO-DATE
> Task :yandex_maps_mapkit:mergeReleaseShaders UP-TO-DATE
> Task :yandex_maps_mapkit:compileReleaseShaders NO-SOURCE
> Task :yandex_maps_mapkit:generateReleaseAssets UP-TO-DATE
> Task :yandex_maps_mapkit:mergeReleaseAssets UP-TO-DATE
> Task :app:mergeReleaseAssets
> Task :app:copyFlutterAssetsRelease
> Task :app:generateReleaseResValues UP-TO-DATE
> Task :app:mapReleaseSourceSetPaths UP-TO-DATE
> Task :app:generateReleaseResources UP-TO-DATE
> Task :app:mergeReleaseResources UP-TO-DATE
> Task :app:packageReleaseResources UP-TO-DATE
> Task :app:parseReleaseLocalResources UP-TO-DATE
> Task :app:createReleaseCompatibleScreenManifests UP-TO-DATE
> Task :app:extractDeepLinksRelease UP-TO-DATE
> Task :flutter_plugin_android_lifecycle:extractDeepLinksRelease UP-TO-DATE
> Task :flutter_plugin_android_lifecycle:processReleaseManifest UP-TO-DATE
> Task :flutter_secure_storage:extractDeepLinksRelease UP-TO-DATE
> Task :flutter_secure_storage:processReleaseManifest UP-TO-DATE
> Task :geocoding_android:extractDeepLinksRelease UP-TO-DATE
> Task :geocoding_android:processReleaseManifest UP-TO-DATE
> Task :geolocator_android:extractDeepLinksRelease UP-TO-DATE
> Task :geolocator_android:processReleaseManifest UP-TO-DATE
> Task :image_picker_android:extractDeepLinksRelease UP-TO-DATE
> Task :image_picker_android:processReleaseManifest UP-TO-DATE
> Task :mobile_scanner:extractDeepLinksRelease UP-TO-DATE
> Task :mobile_scanner:processReleaseManifest UP-TO-DATE
> Task :onesignal_flutter:extractDeepLinksRelease UP-TO-DATE
> Task :onesignal_flutter:processReleaseManifest UP-TO-DATE
> Task :path_provider_android:extractDeepLinksRelease UP-TO-DATE
> Task :path_provider_android:processReleaseManifest UP-TO-DATE
> Task :permission_handler_android:extractDeepLinksRelease UP-TO-DATE
> Task :permission_handler_android:processReleaseManifest UP-TO-DATE
> Task :shared_preferences_android:extractDeepLinksRelease UP-TO-DATE
> Task :shared_preferences_android:processReleaseManifest UP-TO-DATE
> Task :sqflite_android:extractDeepLinksRelease UP-TO-DATE
> Task :sqflite_android:processReleaseManifest UP-TO-DATE
> Task :url_launcher_android:extractDeepLinksRelease UP-TO-DATE
> Task :url_launcher_android:processReleaseManifest UP-TO-DATE
> Task :webview_flutter_android:extractDeepLinksRelease UP-TO-DATE
> Task :webview_flutter_android:processReleaseManifest UP-TO-DATE
> Task :yandex_maps_mapkit:extractDeepLinksRelease UP-TO-DATE
> Task :yandex_maps_mapkit:processReleaseManifest UP-TO-DATE
> Task :app:processReleaseMainManifest UP-TO-DATE
> Task :app:outputReleaseAppLinkSettings UP-TO-DATE
> Task :app:processReleaseManifest UP-TO-DATE
> Task :app:processReleaseManifestForPackage UP-TO-DATE
> Task :app:processReleaseResources UP-TO-DATE
> Task :flutter_secure_storage:bundleLibCompileToJarRelease UP-TO-DATE
> Task :geocoding_android:bundleLibCompileToJarRelease UP-TO-DATE
> Task :geolocator_android:bundleLibCompileToJarRelease UP-TO-DATE
> Task :image_picker_android:bundleLibCompileToJarRelease UP-TO-DATE
> Task :mobile_scanner:bundleLibCompileToJarRelease UP-TO-DATE
> Task :onesignal_flutter:bundleLibCompileToJarRelease UP-TO-DATE
> Task :path_provider_android:bundleLibCompileToJarRelease UP-TO-DATE
> Task :permission_handler_android:bundleLibCompileToJarRelease UP-TO-DATE
> Task :shared_preferences_android:bundleLibCompileToJarRelease UP-TO-DATE
> Task :sqflite_android:bundleLibCompileToJarRelease UP-TO-DATE
> Task :url_launcher_android:bundleLibCompileToJarRelease UP-TO-DATE
> Task :webview_flutter_android:bundleLibCompileToJarRelease UP-TO-DATE
> Task :yandex_maps_mapkit:bundleLibCompileToJarRelease UP-TO-DATE
> Task :app:compileReleaseKotlin UP-TO-DATE
> Task :app:javaPreCompileRelease UP-TO-DATE
> Task :app:compileReleaseJavaWithJavac
> Task :flutter_plugin_android_lifecycle:prepareReleaseArtProfile UP-TO-DATE
> Task :flutter_secure_storage:prepareReleaseArtProfile UP-TO-DATE
> Task :geocoding_android:prepareReleaseArtProfile UP-TO-DATE
> Task :geolocator_android:prepareReleaseArtProfile UP-TO-DATE
> Task :image_picker_android:prepareReleaseArtProfile UP-TO-DATE
> Task :mobile_scanner:prepareReleaseArtProfile UP-TO-DATE
> Task :onesignal_flutter:prepareReleaseArtProfile UP-TO-DATE
> Task :path_provider_android:prepareReleaseArtProfile UP-TO-DATE
> Task :permission_handler_android:prepareReleaseArtProfile UP-TO-DATE
> Task :shared_preferences_android:prepareReleaseArtProfile UP-TO-DATE
> Task :sqflite_android:prepareReleaseArtProfile UP-TO-DATE
> Task :url_launcher_android:prepareReleaseArtProfile UP-TO-DATE
> Task :webview_flutter_android:prepareReleaseArtProfile UP-TO-DATE
> Task :yandex_maps_mapkit:prepareReleaseArtProfile UP-TO-DATE
> Task :app:mergeReleaseArtProfile UP-TO-DATE
> Task :flutter_plugin_android_lifecycle:bundleLibRuntimeToJarRelease UP-TO-DATE
> Task :flutter_secure_storage:bundleLibRuntimeToJarRelease UP-TO-DATE
> Task :geocoding_android:bundleLibRuntimeToJarRelease UP-TO-DATE
> Task :geolocator_android:bundleLibRuntimeToJarRelease UP-TO-DATE
> Task :image_picker_android:bundleLibRuntimeToJarRelease UP-TO-DATE
> Task :mobile_scanner:bundleLibRuntimeToJarRelease UP-TO-DATE
> Task :onesignal_flutter:bundleLibRuntimeToJarRelease UP-TO-DATE
> Task :path_provider_android:bundleLibRuntimeToJarRelease UP-TO-DATE
> Task :permission_handler_android:bundleLibRuntimeToJarRelease UP-TO-DATE
> Task :shared_preferences_android:bundleLibRuntimeToJarRelease UP-TO-DATE
> Task :sqflite_android:bundleLibRuntimeToJarRelease UP-TO-DATE
> Task :url_launcher_android:bundleLibRuntimeToJarRelease UP-TO-DATE
> Task :webview_flutter_android:bundleLibRuntimeToJarRelease UP-TO-DATE
> Task :yandex_maps_mapkit:bundleLibRuntimeToJarRelease UP-TO-DATE
> Task :app:expandReleaseArtProfileWildcards UP-TO-DATE
> Task :app:extractProguardFiles UP-TO-DATE
> Task :app:mergeReleaseGeneratedProguardFiles UP-TO-DATE
> Task :app:processReleaseJavaRes UP-TO-DATE
> Task :flutter_plugin_android_lifecycle:processReleaseJavaRes NO-SOURCE
> Task :flutter_secure_storage:processReleaseJavaRes NO-SOURCE
> Task :geocoding_android:processReleaseJavaRes NO-SOURCE
> Task :geolocator_android:processReleaseJavaRes NO-SOURCE
> Task :image_picker_android:processReleaseJavaRes NO-SOURCE
> Task :mobile_scanner:processReleaseJavaRes UP-TO-DATE
> Task :onesignal_flutter:processReleaseJavaRes NO-SOURCE
> Task :path_provider_android:processReleaseJavaRes NO-SOURCE
> Task :permission_handler_android:processReleaseJavaRes NO-SOURCE
> Task :shared_preferences_android:processReleaseJavaRes UP-TO-DATE
> Task :sqflite_android:processReleaseJavaRes NO-SOURCE
> Task :url_launcher_android:processReleaseJavaRes NO-SOURCE
> Task :webview_flutter_android:processReleaseJavaRes UP-TO-DATE
> Task :yandex_maps_mapkit:processReleaseJavaRes UP-TO-DATE
> Task :app:mergeReleaseJavaResource UP-TO-DATE
> Task :app:mergeReleaseStartupProfile UP-TO-DATE
> Task :app:minifyReleaseWithR8 UP-TO-DATE
> Task :app:compileReleaseArtProfile UP-TO-DATE
> Task :app:extractReleaseVersionControlInfo UP-TO-DATE
> Task :flutter_plugin_android_lifecycle:createFullJarRelease UP-TO-DATE
> Task :flutter_plugin_android_lifecycle:extractProguardFiles UP-TO-DATE
> Task :app:compressReleaseAssets
> Task :flutter_plugin_android_lifecycle:generateReleaseLintModel UP-TO-DATE
> Task :flutter_plugin_android_lifecycle:prepareLintJarForPublish UP-TO-DATE
> Task :flutter_secure_storage:createFullJarRelease UP-TO-DATE
> Task :flutter_secure_storage:extractProguardFiles UP-TO-DATE
> Task :flutter_secure_storage:generateReleaseLintModel UP-TO-DATE
> Task :flutter_secure_storage:prepareLintJarForPublish UP-TO-DATE
> Task :geocoding_android:createFullJarRelease UP-TO-DATE
> Task :geocoding_android:extractProguardFiles UP-TO-DATE
> Task :geocoding_android:generateReleaseLintModel UP-TO-DATE
> Task :geocoding_android:prepareLintJarForPublish UP-TO-DATE
> Task :geolocator_android:createFullJarRelease UP-TO-DATE
> Task :geolocator_android:extractProguardFiles UP-TO-DATE
> Task :geolocator_android:generateReleaseLintModel UP-TO-DATE
> Task :geolocator_android:prepareLintJarForPublish UP-TO-DATE
> Task :image_picker_android:createFullJarRelease UP-TO-DATE
> Task :image_picker_android:extractProguardFiles UP-TO-DATE
> Task :image_picker_android:generateReleaseLintModel UP-TO-DATE
> Task :image_picker_android:prepareLintJarForPublish UP-TO-DATE
> Task :mobile_scanner:createFullJarRelease UP-TO-DATE
> Task :mobile_scanner:extractProguardFiles UP-TO-DATE
> Task :mobile_scanner:generateReleaseLintModel UP-TO-DATE
> Task :mobile_scanner:prepareLintJarForPublish UP-TO-DATE
> Task :onesignal_flutter:createFullJarRelease UP-TO-DATE
> Task :onesignal_flutter:extractProguardFiles UP-TO-DATE
> Task :onesignal_flutter:generateReleaseLintModel UP-TO-DATE
> Task :onesignal_flutter:prepareLintJarForPublish UP-TO-DATE
> Task :path_provider_android:createFullJarRelease UP-TO-DATE
> Task :path_provider_android:extractProguardFiles UP-TO-DATE
> Task :path_provider_android:generateReleaseLintModel UP-TO-DATE
> Task :path_provider_android:prepareLintJarForPublish UP-TO-DATE
> Task :permission_handler_android:createFullJarRelease UP-TO-DATE
> Task :permission_handler_android:extractProguardFiles UP-TO-DATE
> Task :permission_handler_android:generateReleaseLintModel UP-TO-DATE
> Task :permission_handler_android:prepareLintJarForPublish UP-TO-DATE
> Task :shared_preferences_android:createFullJarRelease UP-TO-DATE
> Task :shared_preferences_android:extractProguardFiles UP-TO-DATE
> Task :shared_preferences_android:generateReleaseLintModel UP-TO-DATE
> Task :shared_preferences_android:prepareLintJarForPublish UP-TO-DATE
> Task :sqflite_android:createFullJarRelease UP-TO-DATE
> Task :sqflite_android:extractProguardFiles UP-TO-DATE
> Task :sqflite_android:generateReleaseLintModel UP-TO-DATE
> Task :sqflite_android:prepareLintJarForPublish UP-TO-DATE
> Task :url_launcher_android:createFullJarRelease UP-TO-DATE
> Task :url_launcher_android:extractProguardFiles UP-TO-DATE
> Task :url_launcher_android:generateReleaseLintModel UP-TO-DATE
> Task :url_launcher_android:prepareLintJarForPublish UP-TO-DATE
> Task :webview_flutter_android:createFullJarRelease UP-TO-DATE
> Task :webview_flutter_android:extractProguardFiles UP-TO-DATE
> Task :webview_flutter_android:generateReleaseLintModel UP-TO-DATE
> Task :webview_flutter_android:prepareLintJarForPublish UP-TO-DATE
> Task :yandex_maps_mapkit:createFullJarRelease UP-TO-DATE
> Task :yandex_maps_mapkit:extractProguardFiles UP-TO-DATE
> Task :yandex_maps_mapkit:generateReleaseLintModel UP-TO-DATE
> Task :yandex_maps_mapkit:prepareLintJarForPublish UP-TO-DATE
> Task :app:generateReleaseLintVitalReportModel UP-TO-DATE
> Task :image_picker_android:stripReleaseDebugSymbols NO-SOURCE
> Task :image_picker_android:copyReleaseJniLibsProjectAndLocalJars UP-TO-DATE
> Task :image_picker_android:extractDeepLinksForAarRelease UP-TO-DATE
> Task :image_picker_android:extractReleaseAnnotations UP-TO-DATE
> Task :image_picker_android:mergeReleaseConsumerProguardFiles UP-TO-DATE
> Task :image_picker_android:mergeReleaseJavaResource UP-TO-DATE
> Task :image_picker_android:syncReleaseLibJars UP-TO-DATE
> Task :image_picker_android:bundleReleaseLocalLintAar UP-TO-DATE
> Task :yandex_maps_mapkit:stripReleaseDebugSymbols NO-SOURCE
> Task :yandex_maps_mapkit:copyReleaseJniLibsProjectAndLocalJars UP-TO-DATE
> Task :yandex_maps_mapkit:extractDeepLinksForAarRelease UP-TO-DATE
> Task :yandex_maps_mapkit:extractReleaseAnnotations UP-TO-DATE
> Task :yandex_maps_mapkit:mergeReleaseConsumerProguardFiles UP-TO-DATE
> Task :yandex_maps_mapkit:mergeReleaseJavaResource UP-TO-DATE
> Task :yandex_maps_mapkit:syncReleaseLibJars UP-TO-DATE
> Task :yandex_maps_mapkit:bundleReleaseLocalLintAar UP-TO-DATE
> Task :flutter_plugin_android_lifecycle:stripReleaseDebugSymbols NO-SOURCE
> Task :flutter_plugin_android_lifecycle:copyReleaseJniLibsProjectAndLocalJars UP-TO-DATE
> Task :flutter_plugin_android_lifecycle:extractDeepLinksForAarRelease UP-TO-DATE
> Task :flutter_plugin_android_lifecycle:extractReleaseAnnotations UP-TO-DATE
> Task :flutter_plugin_android_lifecycle:mergeReleaseConsumerProguardFiles UP-TO-DATE
> Task :flutter_plugin_android_lifecycle:mergeReleaseJavaResource UP-TO-DATE
> Task :flutter_plugin_android_lifecycle:syncReleaseLibJars UP-TO-DATE
> Task :flutter_plugin_android_lifecycle:bundleReleaseLocalLintAar UP-TO-DATE
> Task :flutter_secure_storage:stripReleaseDebugSymbols NO-SOURCE
> Task :flutter_secure_storage:copyReleaseJniLibsProjectAndLocalJars UP-TO-DATE
> Task :flutter_secure_storage:extractDeepLinksForAarRelease UP-TO-DATE
> Task :flutter_secure_storage:extractReleaseAnnotations UP-TO-DATE
> Task :flutter_secure_storage:mergeReleaseConsumerProguardFiles UP-TO-DATE
> Task :flutter_secure_storage:mergeReleaseJavaResource UP-TO-DATE
> Task :flutter_secure_storage:syncReleaseLibJars UP-TO-DATE
> Task :flutter_secure_storage:bundleReleaseLocalLintAar UP-TO-DATE
> Task :geocoding_android:stripReleaseDebugSymbols NO-SOURCE
> Task :geocoding_android:copyReleaseJniLibsProjectAndLocalJars UP-TO-DATE
> Task :geocoding_android:extractDeepLinksForAarRelease UP-TO-DATE
> Task :geocoding_android:extractReleaseAnnotations UP-TO-DATE
> Task :geocoding_android:mergeReleaseConsumerProguardFiles UP-TO-DATE
> Task :geocoding_android:mergeReleaseJavaResource UP-TO-DATE
> Task :geocoding_android:syncReleaseLibJars UP-TO-DATE
> Task :geocoding_android:bundleReleaseLocalLintAar UP-TO-DATE
> Task :geolocator_android:stripReleaseDebugSymbols NO-SOURCE
> Task :geolocator_android:copyReleaseJniLibsProjectAndLocalJars UP-TO-DATE
> Task :geolocator_android:extractDeepLinksForAarRelease UP-TO-DATE
> Task :geolocator_android:extractReleaseAnnotations UP-TO-DATE
> Task :geolocator_android:mergeReleaseConsumerProguardFiles UP-TO-DATE
> Task :geolocator_android:mergeReleaseJavaResource UP-TO-DATE
> Task :geolocator_android:syncReleaseLibJars UP-TO-DATE
> Task :geolocator_android:bundleReleaseLocalLintAar UP-TO-DATE
> Task :mobile_scanner:stripReleaseDebugSymbols NO-SOURCE
> Task :mobile_scanner:copyReleaseJniLibsProjectAndLocalJars UP-TO-DATE
> Task :mobile_scanner:extractDeepLinksForAarRelease UP-TO-DATE
> Task :mobile_scanner:extractReleaseAnnotations UP-TO-DATE
> Task :mobile_scanner:mergeReleaseConsumerProguardFiles UP-TO-DATE
> Task :mobile_scanner:mergeReleaseJavaResource UP-TO-DATE
> Task :mobile_scanner:syncReleaseLibJars UP-TO-DATE
> Task :mobile_scanner:bundleReleaseLocalLintAar UP-TO-DATE
> Task :onesignal_flutter:stripReleaseDebugSymbols NO-SOURCE
> Task :onesignal_flutter:copyReleaseJniLibsProjectAndLocalJars UP-TO-DATE
> Task :onesignal_flutter:extractDeepLinksForAarRelease UP-TO-DATE
> Task :onesignal_flutter:extractReleaseAnnotations UP-TO-DATE
> Task :onesignal_flutter:mergeReleaseConsumerProguardFiles UP-TO-DATE
> Task :onesignal_flutter:mergeReleaseJavaResource UP-TO-DATE
> Task :onesignal_flutter:syncReleaseLibJars UP-TO-DATE
> Task :onesignal_flutter:bundleReleaseLocalLintAar UP-TO-DATE
> Task :path_provider_android:stripReleaseDebugSymbols NO-SOURCE
> Task :path_provider_android:copyReleaseJniLibsProjectAndLocalJars UP-TO-DATE
> Task :path_provider_android:extractDeepLinksForAarRelease UP-TO-DATE
> Task :path_provider_android:extractReleaseAnnotations UP-TO-DATE
> Task :path_provider_android:mergeReleaseConsumerProguardFiles UP-TO-DATE
> Task :path_provider_android:mergeReleaseJavaResource UP-TO-DATE
> Task :path_provider_android:syncReleaseLibJars UP-TO-DATE
> Task :path_provider_android:bundleReleaseLocalLintAar UP-TO-DATE
> Task :permission_handler_android:stripReleaseDebugSymbols NO-SOURCE
> Task :permission_handler_android:copyReleaseJniLibsProjectAndLocalJars UP-TO-DATE
> Task :permission_handler_android:extractDeepLinksForAarRelease UP-TO-DATE
> Task :permission_handler_android:extractReleaseAnnotations UP-TO-DATE
> Task :permission_handler_android:mergeReleaseConsumerProguardFiles UP-TO-DATE
> Task :permission_handler_android:mergeReleaseJavaResource UP-TO-DATE
> Task :permission_handler_android:syncReleaseLibJars UP-TO-DATE
> Task :permission_handler_android:bundleReleaseLocalLintAar UP-TO-DATE
> Task :shared_preferences_android:stripReleaseDebugSymbols NO-SOURCE
> Task :shared_preferences_android:copyReleaseJniLibsProjectAndLocalJars UP-TO-DATE
> Task :shared_preferences_android:extractDeepLinksForAarRelease UP-TO-DATE
> Task :shared_preferences_android:extractReleaseAnnotations UP-TO-DATE
> Task :shared_preferences_android:mergeReleaseConsumerProguardFiles UP-TO-DATE
> Task :shared_preferences_android:mergeReleaseJavaResource UP-TO-DATE
> Task :shared_preferences_android:syncReleaseLibJars UP-TO-DATE
> Task :shared_preferences_android:bundleReleaseLocalLintAar UP-TO-DATE
> Task :sqflite_android:stripReleaseDebugSymbols NO-SOURCE
> Task :sqflite_android:copyReleaseJniLibsProjectAndLocalJars UP-TO-DATE
> Task :sqflite_android:extractDeepLinksForAarRelease UP-TO-DATE
> Task :sqflite_android:extractReleaseAnnotations UP-TO-DATE
> Task :sqflite_android:mergeReleaseConsumerProguardFiles UP-TO-DATE
> Task :sqflite_android:mergeReleaseJavaResource UP-TO-DATE
> Task :sqflite_android:syncReleaseLibJars UP-TO-DATE
> Task :sqflite_android:bundleReleaseLocalLintAar UP-TO-DATE
> Task :url_launcher_android:stripReleaseDebugSymbols NO-SOURCE
> Task :url_launcher_android:copyReleaseJniLibsProjectAndLocalJars UP-TO-DATE
> Task :url_launcher_android:extractDeepLinksForAarRelease UP-TO-DATE
> Task :url_launcher_android:extractReleaseAnnotations UP-TO-DATE
> Task :url_launcher_android:mergeReleaseConsumerProguardFiles UP-TO-DATE
> Task :url_launcher_android:mergeReleaseJavaResource UP-TO-DATE
> Task :url_launcher_android:syncReleaseLibJars UP-TO-DATE
> Task :url_launcher_android:bundleReleaseLocalLintAar UP-TO-DATE
> Task :webview_flutter_android:stripReleaseDebugSymbols NO-SOURCE
> Task :webview_flutter_android:copyReleaseJniLibsProjectAndLocalJars UP-TO-DATE
> Task :webview_flutter_android:extractDeepLinksForAarRelease UP-TO-DATE
> Task :webview_flutter_android:extractReleaseAnnotations UP-TO-DATE
> Task :webview_flutter_android:mergeReleaseConsumerProguardFiles UP-TO-DATE
> Task :webview_flutter_android:mergeReleaseJavaResource UP-TO-DATE
> Task :webview_flutter_android:syncReleaseLibJars UP-TO-DATE
> Task :webview_flutter_android:bundleReleaseLocalLintAar UP-TO-DATE
> Task :flutter_plugin_android_lifecycle:writeReleaseLintModelMetadata UP-TO-DATE
> Task :flutter_secure_storage:writeReleaseLintModelMetadata UP-TO-DATE
> Task :geocoding_android:writeReleaseLintModelMetadata UP-TO-DATE
> Task :geolocator_android:writeReleaseLintModelMetadata UP-TO-DATE
> Task :image_picker_android:writeReleaseLintModelMetadata UP-TO-DATE
> Task :mobile_scanner:writeReleaseLintModelMetadata UP-TO-DATE
> Task :onesignal_flutter:writeReleaseLintModelMetadata UP-TO-DATE
> Task :path_provider_android:writeReleaseLintModelMetadata UP-TO-DATE
> Task :permission_handler_android:writeReleaseLintModelMetadata UP-TO-DATE
> Task :shared_preferences_android:writeReleaseLintModelMetadata UP-TO-DATE
> Task :sqflite_android:writeReleaseLintModelMetadata UP-TO-DATE
> Task :flutter_plugin_android_lifecycle:lintVitalAnalyzeRelease
> Task :flutter_secure_storage:lintVitalAnalyzeRelease
> Task :geocoding_android:lintVitalAnalyzeRelease
> Task :geolocator_android:lintVitalAnalyzeRelease
> Task :image_picker_android:lintVitalAnalyzeRelease
> Task :mobile_scanner:lintVitalAnalyzeRelease
> Task :onesignal_flutter:lintVitalAnalyzeRelease
> Task :path_provider_android:lintVitalAnalyzeRelease
> Task :permission_handler_android:lintVitalAnalyzeRelease
> Task :shared_preferences_android:lintVitalAnalyzeRelease
> Task :sqflite_android:lintVitalAnalyzeRelease
> Task :url_launcher_android:lintVitalAnalyzeRelease
> Task :url_launcher_android:writeReleaseLintModelMetadata UP-TO-DATE
> Task :webview_flutter_android:writeReleaseLintModelMetadata UP-TO-DATE
> Task :yandex_maps_mapkit:writeReleaseLintModelMetadata UP-TO-DATE
> Task :flutter_plugin_android_lifecycle:generateReleaseLintVitalModel UP-TO-DATE
> Task :flutter_secure_storage:generateReleaseLintVitalModel UP-TO-DATE
> Task :geocoding_android:generateReleaseLintVitalModel UP-TO-DATE
> Task :geolocator_android:generateReleaseLintVitalModel UP-TO-DATE
> Task :image_picker_android:generateReleaseLintVitalModel UP-TO-DATE
> Task :mobile_scanner:generateReleaseLintVitalModel UP-TO-DATE
> Task :onesignal_flutter:generateReleaseLintVitalModel UP-TO-DATE
> Task :path_provider_android:generateReleaseLintVitalModel UP-TO-DATE
> Task :permission_handler_android:generateReleaseLintVitalModel UP-TO-DATE
> Task :shared_preferences_android:generateReleaseLintVitalModel UP-TO-DATE
> Task :sqflite_android:generateReleaseLintVitalModel UP-TO-DATE
> Task :url_launcher_android:generateReleaseLintVitalModel UP-TO-DATE
> Task :webview_flutter_android:generateReleaseLintVitalModel UP-TO-DATE
> Task :yandex_maps_mapkit:generateReleaseLintVitalModel UP-TO-DATE
> Task :app:convertShrunkResourcesToBinaryRelease UP-TO-DATE
> Task :app:optimizeReleaseResources UP-TO-DATE
> Task :app:collectReleaseDependencies UP-TO-DATE
> Task :app:sdkReleaseDependencyData UP-TO-DATE
> Task :app:validateSigningRelease UP-TO-DATE
> Task :app:writeReleaseAppMetadata UP-TO-DATE
> Task :app:writeReleaseSigningConfigVersions UP-TO-DATE
> Task :flutter_plugin_android_lifecycle:bundleReleaseAar UP-TO-DATE
> Task :flutter_plugin_android_lifecycle:mapReleaseSourceSetPaths UP-TO-DATE
> Task :flutter_plugin_android_lifecycle:mergeReleaseResources UP-TO-DATE
> Task :flutter_plugin_android_lifecycle:verifyReleaseResources UP-TO-DATE
> Task :flutter_plugin_android_lifecycle:assembleRelease UP-TO-DATE
> Task :flutter_secure_storage:bundleReleaseAar UP-TO-DATE
> Task :flutter_secure_storage:mapReleaseSourceSetPaths UP-TO-DATE
> Task :flutter_secure_storage:mergeReleaseResources UP-TO-DATE
> Task :flutter_secure_storage:verifyReleaseResources UP-TO-DATE
> Task :flutter_secure_storage:assembleRelease UP-TO-DATE
> Task :geocoding_android:bundleReleaseAar UP-TO-DATE
> Task :geocoding_android:mapReleaseSourceSetPaths UP-TO-DATE
> Task :geocoding_android:mergeReleaseResources UP-TO-DATE
> Task :geocoding_android:verifyReleaseResources UP-TO-DATE
> Task :geocoding_android:assembleRelease UP-TO-DATE
> Task :geolocator_android:bundleReleaseAar UP-TO-DATE
> Task :geolocator_android:mapReleaseSourceSetPaths UP-TO-DATE
> Task :geolocator_android:mergeReleaseResources UP-TO-DATE
> Task :geolocator_android:verifyReleaseResources UP-TO-DATE
> Task :geolocator_android:assembleRelease UP-TO-DATE
> Task :image_picker_android:bundleReleaseAar UP-TO-DATE
> Task :flutter_plugin_android_lifecycle:compileReleaseLibraryResources UP-TO-DATE
> Task :image_picker_android:mapReleaseSourceSetPaths UP-TO-DATE
> Task :image_picker_android:mergeReleaseResources UP-TO-DATE
> Task :image_picker_android:verifyReleaseResources UP-TO-DATE
> Task :image_picker_android:assembleRelease UP-TO-DATE
> Task :mobile_scanner:bundleReleaseAar UP-TO-DATE
> Task :mobile_scanner:mapReleaseSourceSetPaths UP-TO-DATE
> Task :mobile_scanner:mergeReleaseResources UP-TO-DATE
> Task :yandex_maps_mapkit:lintVitalAnalyzeRelease
> Task :mobile_scanner:verifyReleaseResources UP-TO-DATE
> Task :mobile_scanner:assembleRelease UP-TO-DATE
> Task :onesignal_flutter:bundleReleaseAar UP-TO-DATE
> Task :onesignal_flutter:mapReleaseSourceSetPaths UP-TO-DATE
> Task :onesignal_flutter:mergeReleaseResources UP-TO-DATE
> Task :onesignal_flutter:verifyReleaseResources UP-TO-DATE
> Task :onesignal_flutter:assembleRelease UP-TO-DATE
> Task :path_provider_android:bundleReleaseAar UP-TO-DATE
> Task :path_provider_android:mapReleaseSourceSetPaths UP-TO-DATE
> Task :path_provider_android:mergeReleaseResources UP-TO-DATE
> Task :path_provider_android:verifyReleaseResources UP-TO-DATE
> Task :path_provider_android:assembleRelease UP-TO-DATE
> Task :permission_handler_android:bundleReleaseAar UP-TO-DATE
> Task :permission_handler_android:mapReleaseSourceSetPaths UP-TO-DATE
> Task :permission_handler_android:mergeReleaseResources UP-TO-DATE
> Task :permission_handler_android:verifyReleaseResources UP-TO-DATE
> Task :permission_handler_android:assembleRelease UP-TO-DATE
> Task :shared_preferences_android:bundleReleaseAar UP-TO-DATE
> Task :shared_preferences_android:mapReleaseSourceSetPaths UP-TO-DATE
> Task :shared_preferences_android:mergeReleaseResources UP-TO-DATE
> Task :shared_preferences_android:verifyReleaseResources UP-TO-DATE
> Task :shared_preferences_android:assembleRelease UP-TO-DATE
> Task :sqflite_android:bundleReleaseAar UP-TO-DATE
> Task :sqflite_android:mapReleaseSourceSetPaths UP-TO-DATE
> Task :sqflite_android:mergeReleaseResources UP-TO-DATE
> Task :sqflite_android:verifyReleaseResources UP-TO-DATE
> Task :sqflite_android:assembleRelease UP-TO-DATE
> Task :url_launcher_android:bundleReleaseAar UP-TO-DATE
> Task :url_launcher_android:mapReleaseSourceSetPaths UP-TO-DATE
> Task :url_launcher_android:mergeReleaseResources UP-TO-DATE
> Task :url_launcher_android:verifyReleaseResources UP-TO-DATE
> Task :url_launcher_android:assembleRelease UP-TO-DATE
> Task :webview_flutter_android:bundleReleaseAar UP-TO-DATE
> Task :webview_flutter_android:mapReleaseSourceSetPaths UP-TO-DATE
> Task :webview_flutter_android:mergeReleaseResources UP-TO-DATE
> Task :webview_flutter_android:verifyReleaseResources UP-TO-DATE
> Task :webview_flutter_android:assembleRelease UP-TO-DATE
> Task :yandex_maps_mapkit:bundleReleaseAar UP-TO-DATE
> Task :yandex_maps_mapkit:mapReleaseSourceSetPaths UP-TO-DATE
> Task :yandex_maps_mapkit:mergeReleaseResources UP-TO-DATE
> Task :yandex_maps_mapkit:verifyReleaseResources UP-TO-DATE
> Task :yandex_maps_mapkit:assembleRelease UP-TO-DATE
> Task :webview_flutter_android:lintVitalAnalyzeRelease
> Task :app:lintVitalAnalyzeRelease
> Task :app:lintVitalReportRelease
> Task :app:lintVitalRelease
> Task :app:packageRelease
> Task :app:createReleaseApkListingFileRedirect UP-TO-DATE
> Task :app:assembleRelease

[Incubating] Problems report is available at: file:///C:/Users/Utilisateur/build_pa/reports/problems/problems-report.html

Deprecated Gradle features were used in this build, making it incompatible with Gradle 9.0.

You can use '--warning-mode all' to show the individual deprecation warnings and determine if they come from your own scripts or plugins.

For more on this, please refer to https://docs.gradle.org/8.14/userguide/command_line_interface.html#sec:command_line_warnings in the Gradle documentation.

BUILD SUCCESSFUL in 5m 54s
593 actionable tasks: 39 executed, 554 up-to-date
